[themescare.com/demos/seipkon-admin-template/index.html]
[backblue.gif]
[fade.gif]
[index.html]
[themescare.com/demos/seipkon-admin-template/assets/img/favicon/favicon-32x32.png]
[themescare.com/demos/seipkon-admin-template/assets/css/animate.min.css]
[themescare.com/demos/seipkon-admin-template/assets/plugins/bootstrap/bootstrap.min.css]
[themescare.com/demos/seipkon-admin-template/assets/plugins/font-awesome/font-awesome.min.css]
[themescare.com/demos/seipkon-admin-template/assets/plugins/themify-icons/themify-icons.css]
[themescare.com/demos/seipkon-admin-template/assets/plugins/perfect-scrollbar/perfect-scrollbar.min.css]
[themescare.com/demos/seipkon-admin-template/assets/plugins/jvector/css/jquery-jvectormap.css]
[themescare.com/demos/seipkon-admin-template/assets/plugins/daterangepicker/css/daterangepicker.css]
[themescare.com/demos/seipkon-admin-template/assets/plugins/bootstrap-select/css/bootstrap-select.min.css]
[themescare.com/demos/seipkon-admin-template/assets/plugins/summernote/css/summernote.css]
[themescare.com/demos/seipkon-admin-template/assets/css/seipkon.css]
[themescare.com/demos/seipkon-admin-template/assets/css/responsive.css]
[themescare.com/demos/seipkon-admin-template/index-2.html]
[themescare.com/demos/seipkon-admin-template/assets/img/logo.png]
[themescare.com/demos/seipkon-admin-template/assets/img/msg-4.png]
[themescare.com/demos/seipkon-admin-template/assets/img/msg-1.png]
[themescare.com/demos/seipkon-admin-template/assets/img/msg-3.png]
[themescare.com/demos/seipkon-admin-template/assets/img/msg-2.png]
[themescare.com/demos/seipkon-admin-template/assets/img/avatar.jpg]
[themescare.com/demos/seipkon-admin-template/product.html]
[themescare.com/demos/seipkon-admin-template/add-product.html]
[themescare.com/demos/seipkon-admin-template/edit-product.html]
[themescare.com/demos/seipkon-admin-template/order-list-product.html]
[themescare.com/demos/seipkon-admin-template/pages.html]
[themescare.com/demos/seipkon-admin-template/create-page.html]
[themescare.com/demos/seipkon-admin-template/edit-page.html]
[themescare.com/demos/seipkon-admin-template/chatting.html]
[themescare.com/demos/seipkon-admin-template/notes.html]
[themescare.com/demos/seipkon-admin-template/apps-contact-list.html]
[themescare.com/demos/seipkon-admin-template/compose.html]
[themescare.com/demos/seipkon-admin-template/inbox.html]
[themescare.com/demos/seipkon-admin-template/mail-read.html]
[themescare.com/demos/seipkon-admin-template/ui_button.html]
[themescare.com/demos/seipkon-admin-template/ui_panels.html]
[themescare.com/demos/seipkon-admin-template/icon-fontawesome.html]
[themescare.com/demos/seipkon-admin-template/icon-glyphicons.html]
[themescare.com/demos/seipkon-admin-template/icon-themify.html]
[themescare.com/demos/seipkon-admin-template/ui_tab_accordion.html]
[themescare.com/demos/seipkon-admin-template/ui_sweet_alerts.html]
[themescare.com/demos/seipkon-admin-template/ui_progressbars.html]
[themescare.com/demos/seipkon-admin-template/ui_carousel.html]
[themescare.com/demos/seipkon-admin-template/ui_breadcrumbs.html]
[themescare.com/demos/seipkon-admin-template/ui_pagination.html]
[themescare.com/demos/seipkon-admin-template/seipcon_widget.html]
[themescare.com/demos/seipkon-admin-template/chartsjs.html]
[themescare.com/demos/seipkon-admin-template/morrris.html]
[themescare.com/demos/seipkon-admin-template/sparkline.html]
[themescare.com/demos/seipkon-admin-template/general-form.html]
[themescare.com/demos/seipkon-admin-template/advance-components.html]
[themescare.com/demos/seipkon-admin-template/form-layouts.html]
[themescare.com/demos/seipkon-admin-template/form-validation.html]
[themescare.com/demos/seipkon-admin-template/form-wizards.html]
[themescare.com/demos/seipkon-admin-template/basic-table.html]
[themescare.com/demos/seipkon-admin-template/advance-table.html]
[themescare.com/demos/seipkon-admin-template/profile.html]
[themescare.com/demos/seipkon-admin-template/invoice.html]
[themescare.com/demos/seipkon-admin-template/gallery.html]
[themescare.com/demos/seipkon-admin-template/blank.html]
[themescare.com/demos/seipkon-admin-template/login.html]
[themescare.com/demos/seipkon-admin-template/register.html]
[themescare.com/demos/seipkon-admin-template/lockscreen.html]
[themescare.com/demos/seipkon-admin-template/recover-pass.html]
[themescare.com/demos/seipkon-admin-template/error-404.html]
[themescare.com/demos/seipkon-admin-template/error-505.html]
[themescare.com/demos/seipkon-admin-template/error-500.html]
[themescare.com/demos/seipkon-admin-template/error-503.html]
[themescare.com/demos/seipkon-admin-template/assets/js/jquery-3.1.0.min.js]
[themescare.com/demos/seipkon-admin-template/assets/plugins/bootstrap/bootstrap.min.js]
[themescare.com/demos/seipkon-admin-template/assets/plugins/bootstrap-select/js/bootstrap-select.min.js]
[themescare.com/demos/seipkon-admin-template/assets/plugins/daterangepicker/js/moment.min.js]
[themescare.com/demos/seipkon-admin-template/assets/plugins/jvector/js/jquery-jvectormap-1.2.2.min.js]
[themescare.com/demos/seipkon-admin-template/assets/plugins/daterangepicker/js/daterangepicker.js]
[themescare.com/demos/seipkon-admin-template/assets/plugins/jvector/js/jvector-init.js]
[themescare.com/demos/seipkon-admin-template/assets/plugins/morris/js/morris.min.js]
[themescare.com/demos/seipkon-admin-template/assets/plugins/raphael/js/raphael.min.js]
[themescare.com/demos/seipkon-admin-template/assets/plugins/sparkline/js/jquery.sparkline.js]
[themescare.com/demos/seipkon-admin-template/assets/plugins/jvector/js/jquery-jvectormap-world-mill-en.js]
[themescare.com/demos/seipkon-admin-template/assets/plugins/perfect-scrollbar/jquery-perfect-scrollbar.min.js]
[themescare.com/demos/seipkon-admin-template/assets/plugins/datatables/js/jquery.dataTables.min.js]
[themescare.com/demos/seipkon-admin-template/assets/plugins/summernote/js/custom-summernote.js]
[themescare.com/demos/seipkon-admin-template/assets/js/dashboard.js]
[themescare.com/demos/seipkon-admin-template/assets/plugins/vue/vue.min.js]
[themescare.com/demos/seipkon-admin-template/index.html]
[themescare.com/demos/seipkon-admin-template/assets/css/animate.min.css]
[themescare.com/demos/seipkon-admin-template/assets/js/seipkon.js]
[themescare.com/demos/seipkon-admin-template/assets/plugins/fonts/glyphicons-halflings-regular.eot]
[themescare.com/demos/seipkon-admin-template/assets/plugins/fonts/glyphicons-halflings-regulard41dd41d.eot]
[themescare.com/demos/seipkon-admin-template/assets/plugins/summernote/js/summernote.js]
[themescare.com/demos/seipkon-admin-template/assets/plugins/fonts/glyphicons-halflings-regular.woff2]
[themescare.com/demos/seipkon-admin-template/assets/plugins/fonts/glyphicons-halflings-regular.woff]
[themescare.com/demos/seipkon-admin-template/assets/plugins/fonts/glyphicons-halflings-regular.ttf]
[themescare.com/demos/seipkon-admin-template/assets/plugins/charts/js/Chart.js]
[themescare.com/demos/seipkon-admin-template/assets/plugins/fonts/glyphicons-halflings-regular.svg]
[themescare.com/demos/seipkon-admin-template/assets/plugins/bootstrap/bootstrap.min.css]
[themescare.com/demos/seipkon-admin-template/assets/plugins/fonts/fontawesome-webfont3e6e3e6e.eot]
[themescare.com/demos/seipkon-admin-template/assets/plugins/fonts/fontawesome-webfontd41dd41d.eot]
[themescare.com/demos/seipkon-admin-template/assets/plugins/fonts/fontawesome-webfont3e6e3e6e.woff2]
[themescare.com/demos/seipkon-admin-template/assets/plugins/fonts/fontawesome-webfont3e6e3e6e.woff]
[themescare.com/demos/seipkon-admin-template/assets/plugins/fonts/fontawesome-webfont3e6e3e6e.svg]
[themescare.com/demos/seipkon-admin-template/assets/plugins/font-awesome/font-awesome.min.css]
[themescare.com/demos/seipkon-admin-template/assets/plugins/themify-icons/fonts/themify9f24.eot]
[themescare.com/demos/seipkon-admin-template/assets/plugins/themify-icons/fonts/themifyd41d.eot]
[themescare.com/demos/seipkon-admin-template/assets/plugins/themify-icons/fonts/themify9f24.woff]
[themescare.com/demos/seipkon-admin-template/assets/plugins/themify-icons/fonts/themify9f24.ttf]
[themescare.com/demos/seipkon-admin-template/assets/plugins/themify-icons/themify-icons.css]
[themescare.com/demos/seipkon-admin-template/assets/plugins/perfect-scrollbar/perfect-scrollbar.min.css]
[themescare.com/demos/seipkon-admin-template/assets/plugins/jvector/css/jquery-jvectormap.css]
[themescare.com/demos/seipkon-admin-template/assets/plugins/daterangepicker/css/daterangepicker.css]
[themescare.com/demos/seipkon-admin-template/assets/plugins/bootstrap-select/css/bootstrap-select.min.css]
[themescare.com/demos/seipkon-admin-template/assets/plugins/summernote/css/font/summernote4c4d.eot]
[themescare.com/demos/seipkon-admin-template/assets/plugins/summernote/css/font/summernoted41d.eot]
[themescare.com/demos/seipkon-admin-template/assets/plugins/summernote/css/font/summernote4c4d.ttf]
[themescare.com/demos/seipkon-admin-template/assets/plugins/summernote/css/summernote.css]
[themescare.com/demos/seipkon-admin-template/assets/css/seipkon.css]
[themescare.com/demos/seipkon-admin-template/assets/css/responsive.css]
[themescare.com/demos/seipkon-admin-template/index-2.html]
[themescare.com/demos/seipkon-admin-template/assets/img/product/pro-1.png]
[themescare.com/demos/seipkon-admin-template/assets/img/product/pro-2.png]
[themescare.com/demos/seipkon-admin-template/assets/img/product/pro-3.png]
[themescare.com/demos/seipkon-admin-template/product.html]
[themescare.com/demos/seipkon-admin-template/assets/plugins/bootstrap-select/js/custom-select.js]
[themescare.com/demos/seipkon-admin-template/add-product.html]
[themescare.com/demos/seipkon-admin-template/edit-product.html]
[themescare.com/demos/seipkon-admin-template/assets/plugins/datatables/js/custom-data-tables.js]
[themescare.com/demos/seipkon-admin-template/order-list-product.html]
[themescare.com/demos/seipkon-admin-template/pages.html]
[themescare.com/demos/seipkon-admin-template/create-page.html]
[themescare.com/demos/seipkon-admin-template/assets/img/breadcromb.jpg]
[themescare.com/demos/seipkon-admin-template/edit-page.html]
[themescare.com/demos/seipkon-admin-template/chatting.html]
[themescare.com/demos/seipkon-admin-template/notes.html]
[themescare.com/demos/seipkon-admin-template/apps-contact-list.html]
[themescare.com/demos/seipkon-admin-template/compose.html]
[themescare.com/demos/seipkon-admin-template/inbox.html]
[themescare.com/demos/seipkon-admin-template/mail-read.html]
[themescare.com/demos/seipkon-admin-template/ui_button.html]
[themescare.com/demos/seipkon-admin-template/ui_panels.html]
[themescare.com/demos/seipkon-admin-template/icon-fontawesome.html]
[themescare.com/demos/seipkon-admin-template/icon-glyphicons.html]
[themescare.com/demos/seipkon-admin-template/icon-themify.html]
[themescare.com/demos/seipkon-admin-template/ui_tab_accordion.html]
[themescare.com/demos/seipkon-admin-template/assets/plugins/sweet-alerts/css/sweetalert.css]
[themescare.com/demos/seipkon-admin-template/assets/img/sweet_alerts/basic_alerts.jpg]
[themescare.com/demos/seipkon-admin-template/assets/img/sweet_alerts/title_text_alert.jpg]
[themescare.com/demos/seipkon-admin-template/assets/img/sweet_alerts/alert_success.jpg]
[themescare.com/demos/seipkon-admin-template/assets/img/sweet_alerts/warning.jpg]
[themescare.com/demos/seipkon-admin-template/assets/img/sweet_alerts/alert_image.jpg]
[themescare.com/demos/seipkon-admin-template/assets/img/sweet_alerts/auto_close.jpg]
[themescare.com/demos/seipkon-admin-template/ui_sweet_alerts.html]
[themescare.com/demos/seipkon-admin-template/ui_progressbars.html]
[themescare.com/demos/seipkon-admin-template/assets/plugins/sweet-alerts/js/custom-sweetalerts.js]
[themescare.com/demos/seipkon-admin-template/assets/plugins/sweet-alerts/js/sweetalert.min.js]
[themescare.com/demos/seipkon-admin-template/assets/img/carousel/Carousel_1.jpg]
[themescare.com/demos/seipkon-admin-template/assets/img/carousel/Carousel_2.jpg]
[themescare.com/demos/seipkon-admin-template/assets/img/carousel/Carousel_3.png]
[themescare.com/demos/seipkon-admin-template/assets/img/carousel/Carousel_4.jpg]
[themescare.com/demos/seipkon-admin-template/assets/img/carousel/Carousel_5.jpg]
[themescare.com/demos/seipkon-admin-template/assets/img/carousel/Carousel_6.jpg]
[themescare.com/demos/seipkon-admin-template/ui_carousel.html]
[themescare.com/demos/seipkon-admin-template/ui_breadcrumbs.html]
[themescare.com/demos/seipkon-admin-template/ui_pagination.html]
[themescare.com/demos/seipkon-admin-template/assets/img/product/fitbit-watch.png]
[themescare.com/demos/seipkon-admin-template/assets/plugins/sparkline/js/custom_sparkline.js]
[themescare.com/demos/seipkon-admin-template/seipcon_widget.html]
[themescare.com/demos/seipkon-admin-template/assets/plugins/charts/js/custom_chart.js]
[themescare.com/demos/seipkon-admin-template/chartsjs.html]
[themescare.com/demos/seipkon-admin-template/assets/plugins/morris/js/custom_morris.js]
[themescare.com/demos/seipkon-admin-template/morrris.html]
[themescare.com/demos/seipkon-admin-template/sparkline.html]
[themescare.com/demos/seipkon-admin-template/assets/plugins/jquery-toggle/css/toggles-full.css]
[themescare.com/demos/seipkon-admin-template/assets/plugins/jquery-toggle/js/toggles.min.js]
[themescare.com/demos/seipkon-admin-template/general-form.html]
[themescare.com/demos/seipkon-admin-template/assets/js/general_form_custom.js]
[themescare.com/demos/seipkon-admin-template/assets/plugins/select2/css/select2.min.css]
[themescare.com/demos/seipkon-admin-template/assets/plugins/bootstrap-colorpicker/css/bootstrap-colorpicker.min.css]
[themescare.com/demos/seipkon-admin-template/assets/plugins/masked-input/js/jquery.maskedinput.min.js]
[themescare.com/demos/seipkon-admin-template/assets/plugins/bootstrap-colorpicker/js/bootstrap-colorpicker.min.js]
[themescare.com/demos/seipkon-admin-template/assets/plugins/jquery-knob/js/jquery.knob.min.js]
[themescare.com/demos/seipkon-admin-template/advance-components.html]
[themescare.com/demos/seipkon-admin-template/form-layouts.html]
[themescare.com/demos/seipkon-admin-template/assets/js/advance_component_form.js]
[themescare.com/demos/seipkon-admin-template/form-validation.html]
[themescare.com/demos/seipkon-admin-template/assets/img/master-card.jpg]
[themescare.com/demos/seipkon-admin-template/assets/plugins/select2/js/select2.full.js]
[themescare.com/demos/seipkon-admin-template/assets/img/paypal.jpg]
[themescare.com/demos/seipkon-admin-template/assets/plugins/parsley/js/parsley.min.js]
[themescare.com/demos/seipkon-admin-template/form-wizards.html]
[themescare.com/demos/seipkon-admin-template/basic-table.html]
[themescare.com/demos/seipkon-admin-template/assets/js/form_wizard_custom.js]
[themescare.com/demos/seipkon-admin-template/assets/plugins/jquery-steps/js/jquery.steps.min.js]
[themescare.com/demos/seipkon-admin-template/assets/plugins/datatables/css/dataTables.bootstrap.min.css]
[themescare.com/demos/seipkon-admin-template/assets/plugins/datatables/css/buttons.bootstrap.min.css]
[themescare.com/demos/seipkon-admin-template/assets/plugins/datatables/css/responsive.bootstrap.min.css]
[themescare.com/demos/seipkon-admin-template/assets/plugins/datatables/js/dataTables.bootstrap.min.js]
[themescare.com/demos/seipkon-admin-template/assets/plugins/datatables/js/buttons.bootstrap.min.js]
[themescare.com/demos/seipkon-admin-template/assets/plugins/datatables/js/dataTables.buttons.min.js]
[themescare.com/demos/seipkon-admin-template/assets/plugins/datatables/js/buttons.print.min.js]
[themescare.com/demos/seipkon-admin-template/assets/plugins/datatables/js/buttons.flash.min.js]
[themescare.com/demos/seipkon-admin-template/assets/plugins/datatables/js/buttons.html5.min.js]
[themescare.com/demos/seipkon-admin-template/assets/plugins/datatables/js/dataTables.responsive.min.js]
[themescare.com/demos/seipkon-admin-template/assets/plugins/datatables/js/responsive.bootstrap.min.js]
[themescare.com/demos/seipkon-admin-template/assets/plugins/datatables/js/jszip.min.js]
[themescare.com/demos/seipkon-admin-template/assets/js/advance_table_custom.js]
[themescare.com/demos/seipkon-admin-template/advance-table.html]
[themescare.com/demos/seipkon-admin-template/profile.html]
[themescare.com/demos/seipkon-admin-template/invoice.html]
[themescare.com/demos/seipkon-admin-template/assets/plugins/lightgallery/css/lightgallery.min.css]
[themescare.com/demos/seipkon-admin-template/assets/img/gallery/gallery-1.jpg]
[themescare.com/demos/seipkon-admin-template/assets/img/gallery/gallery-2.jpg]
[themescare.com/demos/seipkon-admin-template/assets/img/gallery/gallery-3.jpg]
[themescare.com/demos/seipkon-admin-template/assets/img/gallery/gallery-4.jpg]
[themescare.com/demos/seipkon-admin-template/assets/img/gallery/gallery-5.jpg]
[themescare.com/demos/seipkon-admin-template/assets/img/gallery/gallery-7.jpg]
[themescare.com/demos/seipkon-admin-template/assets/img/gallery/gallery-8.jpg]
[themescare.com/demos/seipkon-admin-template/assets/plugins/datatables/js/pdfmake.min.js]
[themescare.com/demos/seipkon-admin-template/assets/img/gallery/gallery-9.jpg]
[themescare.com/demos/seipkon-admin-template/assets/plugins/datatables/js/vfs_fonts.js]
[themescare.com/demos/seipkon-admin-template/assets/plugins/lightgallery/js/custom_lightgallery.js]
[themescare.com/demos/seipkon-admin-template/gallery.html]
[themescare.com/demos/seipkon-admin-template/blank.html]
[themescare.com/demos/seipkon-admin-template/login.html]
[themescare.com/demos/seipkon-admin-template/register.html]
[themescare.com/demos/seipkon-admin-template/lockscreen.html]
[themescare.com/demos/seipkon-admin-template/recover-pass.html]
[themescare.com/demos/seipkon-admin-template/assets/img/error-page-logo.png]
[themescare.com/demos/seipkon-admin-template/error-404.html]
[themescare.com/demos/seipkon-admin-template/error-505.html]
[themescare.com/demos/seipkon-admin-template/error-500.html]
[themescare.com/demos/seipkon-admin-template/error-503.html]
[themescare.com/demos/seipkon-admin-template/assets/plugins/fonts/glyphicons-halflings-regular.svg]
[themescare.com/demos/seipkon-admin-template/assets/plugins/fonts/fontawesome-webfont3e6e3e6e.ttf]
[themescare.com/demos/seipkon-admin-template/assets/plugins/lightgallery/js/lightgallery-all.js]
[themescare.com/demos/seipkon-admin-template/assets/plugins/fonts/fontawesome-webfont3e6e3e6e.svg]
[themescare.com/demos/seipkon-admin-template/assets/plugins/themify-icons/fonts/themify9f24.svg]
[themescare.com/demos/seipkon-admin-template/assets/plugins/summernote/css/font/summernote4c4d.woff]
[themescare.com/demos/seipkon-admin-template/assets/img/product/pro-4.png]
[themescare.com/demos/seipkon-admin-template/assets/img/mail_attachment.jpg]
[themescare.com/demos/seipkon-admin-template/assets/plugins/sweet-alerts/css/sweetalert.css]
[themescare.com/demos/seipkon-admin-template/assets/plugins/jquery-toggle/css/toggles-full.css]
[themescare.com/demos/seipkon-admin-template/assets/plugins/select2/css/select2.min.css]
[themescare.com/demos/seipkon-admin-template/assets/plugins/bootstrap-colorpicker/css/bootstrap-colorpicker.min.css]
[themescare.com/demos/seipkon-admin-template/assets/plugins/datatables/css/dataTables.bootstrap.min.css]
[themescare.com/demos/seipkon-admin-template/assets/plugins/datatables/css/buttons.bootstrap.min.css]
[themescare.com/demos/seipkon-admin-template/assets/plugins/datatables/css/responsive.bootstrap.min.css]
[themescare.com/demos/seipkon-admin-template/assets/plugins/lightgallery/fonts/lgd641.eot]
[themescare.com/demos/seipkon-admin-template/assets/plugins/lightgallery/fonts/lgd41d.eot]
[themescare.com/demos/seipkon-admin-template/assets/plugins/lightgallery/fonts/lgd641.woff]
[themescare.com/demos/seipkon-admin-template/assets/plugins/lightgallery/fonts/lgd641.ttf]
[themescare.com/demos/seipkon-admin-template/assets/plugins/lightgallery/fonts/lgd641.svg]
[themescare.com/demos/seipkon-admin-template/assets/plugins/lightgallery/img/vimeo-play.png]
[themescare.com/demos/seipkon-admin-template/assets/plugins/lightgallery/img/video-play.png]
[themescare.com/demos/seipkon-admin-template/assets/plugins/lightgallery/img/youtube-play.png]
[themescare.com/demos/seipkon-admin-template/assets/plugins/lightgallery/img/loading.gif]
[themescare.com/demos/seipkon-admin-template/assets/plugins/lightgallery/css/lightgallery.min.css]
[themescare.com/demos/seipkon-admin-template/assets/img/gallery/gallery-6.jpeg]
[themescare.com/demos/seipkon-admin-template/assets/plugins/themify-icons/fonts/themify9f24.svg]
[themescare.com/demos/seipkon-admin-template/assets/plugins/lightgallery/fonts/lgd641.svg]
